// Vitest Snapshot v1, https://vitest.dev/guide/snapshot.html

exports[`buildIntendedRecipient > should build an intended recipient with all fields 1`] = `"<intendedRecipient><intendedRecipientPerson><firstName>Thomas</firstName><lastName>Anderson</lastName><phone verified="true">555-4444</phone><email verified="true">thomas.anderson@email.com</email><address><address>456 Tech Street</address><city>Chicago</city><zipCode>234</zipCode><state>IL</state></address><age>28</age><dateOfBirth>1996-02-10</dateOfBirth></intendedRecipientPerson><espIdentifier>USER654321</espIdentifier><espService>Gaming Platform Alpha</espService><screenName>neo_matrix</screenName><displayName>Neo</displayName><displayName>The One</displayName><profileUrl>https://gaming-alpha.com/neo_matrix</profileUrl><ipCaptureEvent><ipAddress>192.168.4.100</ipAddress><eventName>Login</eventName><dateTime>2024-01-15T15:30:00.000Z</dateTime><possibleProxy>false</possibleProxy></ipCaptureEvent><deviceId><idType>IMEI</idType><idValue>123456789054321</idValue><eventName>Login</eventName><dateTime>2024-01-15T15:30:00.000Z</dateTime></deviceId><priorCTReports>987654</priorCTReports><groupIdentifier>Matrix Gamers</groupIdentifier><accountTemporarilyDisabled disabledDate="2024-01-10T00:00:00.000Z" reenabledDate="2024-01-12T00:00:00.000Z">true</accountTemporarilyDisabled><estimatedLocation verified="true" timestamp="2024-01-15T16:00:00.000Z"><city>Chicago</city><region>Illinois</region><countryCode>US</countryCode></estimatedLocation><additionalInfo>User has multiple accounts across different gaming platforms</additionalInfo></intendedRecipient>"`;

exports[`buildIntendedRecipient > should build an intended recipient with minimal online presence 1`] = `"<intendedRecipient><screenName>unknown_gamer</screenName><ipCaptureEvent><ipAddress>192.168.4.200</ipAddress><eventName>Login</eventName></ipCaptureEvent><accountPermanentlyDisabled>true</accountPermanentlyDisabled></intendedRecipient>"`;

exports[`buildIntendedRecipient > should build an intended recipient with multiple devices and group info 1`] = `"<intendedRecipient><espIdentifier>GAMER123</espIdentifier><espService>Multi-Gaming Network</espService><screenName>pro_gamer</screenName><deviceId><idType>IMEI</idType><idValue>555666777888999</idValue><eventName>Login</eventName></deviceId><deviceId><idType>ICCID</idType><idValue>11122233344455566677</idValue><eventName>Registration</eventName></deviceId><priorCTReports>111222</priorCTReports><priorCTReports>333444</priorCTReports><groupIdentifier>Pro Gamers Alliance</groupIdentifier><estimatedLocation verified="false"><city>New York</city><region>New York</region><countryCode>US</countryCode></estimatedLocation></intendedRecipient>"`;

exports[`buildIntendedRecipient > should build an intended recipient with person details and account status 1`] = `"<intendedRecipient><intendedRecipientPerson><firstName>Mark</firstName><lastName>Williams</lastName><age>25</age></intendedRecipientPerson><screenName>mark_gaming</screenName><accountTemporarilyDisabled>true</accountTemporarilyDisabled><accountPermanentlyDisabled disabledDate="2024-01-15T00:00:00.000Z">true</accountPermanentlyDisabled><additionalInfo>Account disabled due to multiple violations</additionalInfo></intendedRecipient>"`;
