// Vitest Snapshot v1, https://vitest.dev/guide/snapshot.html

exports[`buildReporter > should build a reporter with all fields 1`] = `"<reporter><reportingPerson><firstName>Sarah</firstName><lastName>Johnson</lastName><phone verified="true">555-9876</phone><email verified="true">sarah.johnson@company.com</email><address><address>789 Corporate Drive</address><city>Chicago</city><zipCode>60601</zipCode><state>AL</state></address></reportingPerson><contactPerson><firstName>Michael</firstName><lastName>Thompson</lastName><phone verified="true">555-5555</phone><email verified="true">michael.thompson@company.com</email><address><address>789 Corporate Drive</address><city>Chicago</city><zipCode>90210</zipCode><state>CA</state></address></contactPerson><companyTemplate>Company XYZ is committed to protecting children online. For legal process, please contact our legal department at legal@company.com. Data is retained for 90 days.</companyTemplate><termsOfService>Users must not engage in any illegal activities. Violations will result in immediate account termination.</termsOfService><legalURL>https://company.com/legal</legalURL></reporter>"`;

exports[`buildReporter > should build a reporter with contact person but no company info 1`] = `"<reporter><reportingPerson><firstName>David</firstName><lastName>Wilson</lastName><email verified="true">david.wilson@org.com</email></reportingPerson><contactPerson><firstName>Lisa</firstName><lastName>Anderson</lastName><phone verified="true">555-7777</phone><email verified="true">lisa.anderson@org.com</email></contactPerson></reporter>"`;

exports[`buildReporter > should build a reporter with multiple contact methods 1`] = `"<reporter><reportingPerson><firstName>Emily</firstName><lastName>Davis</lastName><phone verified="true">555-1111</phone><phone verified="false">555-2222</phone><email verified="true">emily.davis@company.com</email><email verified="false">e.davis@company.com</email></reportingPerson><companyTemplate>Standard reporting template for Company ABC</companyTemplate><legalURL>https://company.com/legal-info</legalURL></reporter>"`;

exports[`buildReporter > should build a reporter with only required fields 1`] = `"<reporter><reportingPerson><firstName>John</firstName><lastName>Smith</lastName><email verified="true">john.smith@company.com</email></reportingPerson></reporter>"`;
