// Vitest Snapshot v1, https://vitest.dev/guide/snapshot.html

exports[`buildPersonOrUserReported > should build a person or user reported with all fields 1`] = `"<personOrUserReported><personOrUserReportedPerson><firstName>James</firstName><lastName>Wilson</lastName><phone verified="true">555-0123</phone><email verified="true">jwilson@example.com</email><address><address>123 Main St</address><city>Springfield</city><zipCode>62701</zipCode><state>CT</state></address><age>35</age><dateOfBirth>1989-03-15</dateOfBirth></personOrUserReportedPerson><vehicleDescription>Red Toyota Camry, License Plate ABC-123</vehicleDescription><espIdentifier>USER123456</espIdentifier><espService>Social Media Platform X</espService><screenName>jwilson_1989</screenName><displayName>James W.</displayName><displayName>JW</displayName><profileUrl>https://platform-x.com/jwilson_1989</profileUrl><ipCaptureEvent><ipAddress>192.168.1.100</ipAddress><eventName>Login</eventName><dateTime>2024-01-15T10:30:00.000Z</dateTime><possibleProxy>false</possibleProxy><port>443</port></ipCaptureEvent><ipCaptureEvent><ipAddress>10.0.0.50</ipAddress><eventName>Upload</eventName><dateTime>2024-01-15T11:45:00.000Z</dateTime><possibleProxy>true</possibleProxy></ipCaptureEvent><deviceId><idType>IMEI</idType><idValue>123456789012345</idValue><eventName>Login</eventName><dateTime>2024-01-15T10:30:00.000Z</dateTime></deviceId><thirdPartyUserReported>false</thirdPartyUserReported><priorCTReports>123456</priorCTReports><priorCTReports>789012</priorCTReports><groupIdentifier>Group XYZ</groupIdentifier><estimatedLocation verified="true" timestamp="2024-01-15T12:00:00.000Z"><city>Springfield</city><region>Illinois</region><countryCode>US</countryCode></estimatedLocation><additionalInfo>Subject frequently changes usernames and uses multiple devices</additionalInfo></personOrUserReported>"`;

exports[`buildPersonOrUserReported > should build a person or user reported with minimal online presence 1`] = `"<personOrUserReported><screenName>anonymous_user</screenName><ipCaptureEvent><ipAddress>192.168.1.200</ipAddress><eventName>Upload</eventName></ipCaptureEvent><thirdPartyUserReported>true</thirdPartyUserReported></personOrUserReported>"`;

exports[`buildPersonOrUserReported > should build a person or user reported with multiple devices and IPs 1`] = `"<personOrUserReported><screenName>tech_user</screenName><ipCaptureEvent><ipAddress>172.16.0.100</ipAddress><eventName>Login</eventName><possibleProxy>false</possibleProxy></ipCaptureEvent><ipCaptureEvent><ipAddress>172.16.0.200</ipAddress><eventName>Upload</eventName><possibleProxy>true</possibleProxy></ipCaptureEvent><deviceId><idType>IMEI</idType><idValue>987654321098765</idValue><eventName>Login</eventName></deviceId><deviceId><idType>ICCID</idType><idValue>12345678901234567890</idValue><eventName>Registration</eventName></deviceId><priorCTReports>111222</priorCTReports><additionalInfo>Multiple devices used within short time spans</additionalInfo></personOrUserReported>"`;

exports[`buildPersonOrUserReported > should build a person or user reported with only physical details 1`] = `"<personOrUserReported><personOrUserReportedPerson><firstName>Robert</firstName><lastName>Brown</lastName><address><address>456 Oak Street</address><city>Chicago</city><state>IL</state></address><age>42</age></personOrUserReportedPerson><vehicleDescription>Blue Ford F-150</vehicleDescription><estimatedLocation><city>Chicago</city><region>Illinois</region><countryCode>US</countryCode></estimatedLocation></personOrUserReported>"`;
