// Vitest Snapshot v1, https://vitest.dev/guide/snapshot.html

exports[`buildSubmitFileDetails > should build file details with all fields 1`] = `"<?xml version="1.0" encoding="UTF-8"?><fileDetails xmlns:xsi="http://www.w3.org/2001/XMLSchema-instance" xsi:noNamespaceSchemaLocation="https://report.cybertip.org/ispws/xsd"><reportId>123456</reportId><fileId>FILE789</fileId><originalFileName>original_evidence.jpg</originalFileName><locationOfFile>https://platform.com/files/evidence.jpg</locationOfFile><fileViewedByEsp>true</fileViewedByEsp><exifViewedByEsp>true</exifViewedByEsp><publiclyAvailable>false</publiclyAvailable><fileRelevance>Reported</fileRelevance><fileAnnotations><viral/><liveStreaming/></fileAnnotations><industryClassification>A1</industryClassification><originalFileHash hashType="SHA1">5e884898da28047151d0e56f8dc6292773603d0d6aabbdd62a11ef721d1542d8</originalFileHash><originalFileHash hashType="MD5">e86fdc2283aff4179685f2a918a769eb</originalFileHash><ipCaptureEvent><ipAddress>192.168.5.100</ipAddress><eventName>Upload</eventName><dateTime>2024-01-15T16:30:00.000Z</dateTime><possibleProxy>false</possibleProxy><port>443</port></ipCaptureEvent><deviceId><idType>IMEI</idType><idValue>354123456789012</idValue><eventName>Upload</eventName><dateTime>2024-01-15T16:30:00.000Z</dateTime></deviceId><details type="EXIF"><nameValuePair><name>Make</name><value>Canon</value></nameValuePair><nameValuePair><name>Model</name><value>EOS R5</value></nameValuePair></details><details type="HASH"><nameValuePair><name>PhotoDNA</name><value>hash_value_1</value></nameValuePair></details><additionalInfo>File was uploaded via mobile app</additionalInfo><additionalInfo>User attempted to delete file after upload</additionalInfo></fileDetails>"`;

exports[`buildSubmitFileDetails > should build file details with file annotations and relevance 1`] = `"<?xml version="1.0" encoding="UTF-8"?><fileDetails xmlns:xsi="http://www.w3.org/2001/XMLSchema-instance" xsi:noNamespaceSchemaLocation="https://report.cybertip.org/ispws/xsd"><reportId>123456</reportId><fileId>FILE789</fileId><fileRelevance>Supplemental Reported</fileRelevance><fileAnnotations><potentialMeme/><viral/></fileAnnotations><additionalInfo>File appears to be a viral meme</additionalInfo></fileDetails>"`;

exports[`buildSubmitFileDetails > should build file details with only required fields 1`] = `"<?xml version="1.0" encoding="UTF-8"?><fileDetails xmlns:xsi="http://www.w3.org/2001/XMLSchema-instance" xsi:noNamespaceSchemaLocation="https://report.cybertip.org/ispws/xsd"><reportId>123456</reportId><fileId>FILE789</fileId><fileAnnotations/></fileDetails>"`;

exports[`buildSubmitFileDetails > should build file details with technical metadata 1`] = `"<?xml version="1.0" encoding="UTF-8"?><fileDetails xmlns:xsi="http://www.w3.org/2001/XMLSchema-instance" xsi:noNamespaceSchemaLocation="https://report.cybertip.org/ispws/xsd"><reportId>123456</reportId><fileId>FILE789</fileId><fileViewedByEsp>true</fileViewedByEsp><exifViewedByEsp>true</exifViewedByEsp><fileAnnotations/><deviceId><idType>ICCID</idType><idValue>89012345678901234567</idValue><eventName>Upload</eventName></deviceId><details type="EXIF"><nameValuePair><name>DateTime</name><value>2024:01:15 16:30:00</value></nameValuePair><nameValuePair><name>GPSLatitude</name><value>40.7128° N</value></nameValuePair><nameValuePair><name>GPSLongitude</name><value>74.0060° W</value></nameValuePair></details></fileDetails>"`;
