// Vitest Snapshot v1, https://vitest.dev/guide/snapshot.html

exports[`buildReport > should build a report with all fields and multiple incident types 1`] = `"<?xml version="1.0" encoding="UTF-8"?><report xmlns:xsi="http://www.w3.org/2001/XMLSchema-instance" xsi:noNamespaceSchemaLocation="https://report.cybertip.org/ispws/xsd"><incidentSummary><incidentType>Child Pornography (possession, manufacture, and distribution)</incidentType><escalateToHighPriority>Immediate risk to child</escalateToHighPriority><reportAnnotations><sextortion/><csamSolicitation/></reportAnnotations><incidentDateTime>2024-01-15T14:30:00.000Z</incidentDateTime><incidentDateTimeDescription>Multiple incidents over past week</incidentDateTimeDescription></incidentSummary><internetDetails><webPageIncident thirdPartyHostedContent="true"><url>https://example.com/harmful-content</url><additionalInfo>Content reported by multiple users</additionalInfo></webPageIncident></internetDetails><internetDetails><emailIncident><emailAddress verified="true">suspicious@example.com</emailAddress><content>Harmful content shared via email</content><additionalInfo>Multiple emails sent from this address</additionalInfo></emailIncident></internetDetails><internetDetails><newsgroupIncident><name>newsgroup1</name><content>Harmful content shared via newsgroup</content><additionalInfo>Multiple incidents reported over the past week</additionalInfo></newsgroupIncident></internetDetails><internetDetails><chatImIncident><chatClient>SecureChat</chatClient><chatRoomName>private-room-123</chatRoomName><content>Suspicious messages exchanged</content><additionalInfo>Room was created specifically for this interaction</additionalInfo></chatImIncident></internetDetails><lawEnforcement><agencyName>FBI Cyber Division</agencyName><caseNumber>FBI-2024-001</caseNumber><officerContact><firstName>John</firstName><lastName>Smith</lastName><email verified="true">john.smith@fbi.gov</email></officerContact><reportedToLe>true</reportedToLe><servedLegalProcessDomestic>true</servedLegalProcessDomestic></lawEnforcement><reporter><reportingPerson><firstName>Sarah</firstName><lastName>Johnson</lastName><phone verified="true">555-0123</phone><email verified="true">sarah.johnson@company.com</email></reportingPerson><companyTemplate>Standard reporting template for Company XYZ</companyTemplate><termsOfService>Users must comply with all applicable laws</termsOfService></reporter><personOrUserReported><personOrUserReportedPerson><firstName>Unknown</firstName><lastName>User</lastName></personOrUserReportedPerson><screenName>suspicious_user_123</screenName><ipCaptureEvent><ipAddress>192.168.1.100</ipAddress><eventName>Upload</eventName><dateTime>2024-01-15T12:00:00.000Z</dateTime></ipCaptureEvent><deviceId><idType>IMEI</idType><idValue>123456789012345</idValue><eventName>Login</eventName></deviceId></personOrUserReported><intendedRecipient><espIdentifier>USER123</espIdentifier><screenName>victim_user</screenName><estimatedLocation><city>Springfield</city><region>Illinois</region><countryCode>US</countryCode></estimatedLocation></intendedRecipient><victim><victimPerson><firstName>Jane</firstName><lastName>Doe</lastName><address><address>123 Main St</address><city>Springfield</city><zipCode>62701</zipCode><state>IL</state></address><age>15</age></victimPerson><schoolName>Springfield High School</schoolName></victim><additionalInfo>Multiple incidents reported over the past week</additionalInfo></report>"`;

exports[`buildReport > should build a report with mixed incident types and locations 1`] = `"<?xml version="1.0" encoding="UTF-8"?><report xmlns:xsi="http://www.w3.org/2001/XMLSchema-instance" xsi:noNamespaceSchemaLocation="https://report.cybertip.org/ispws/xsd"><incidentSummary><incidentType>Child Pornography (possession, manufacture, and distribution)</incidentType><reportAnnotations/><incidentDateTime>2024-01-18T15:45:00.000Z</incidentDateTime></incidentSummary><internetDetails><webPageIncident><url>https://platform1.com/content</url><url>https://platform2.com/content</url><additionalInfo>Content found on multiple platforms</additionalInfo></webPageIncident></internetDetails><internetDetails><onlineGamingIncident><gameName>Virtual World</gameName><console>PC Gaming</console><content>Inappropriate messages in game chat</content></onlineGamingIncident></internetDetails><internetDetails><cellPhoneIncident><phoneNumber verified="true">555-0123</phoneNumber><latitude>40.7128</latitude><longitude>-74.006</longitude></cellPhoneIncident></internetDetails><reporter><reportingPerson><firstName>Michael</firstName><lastName>Wilson</lastName><email verified="true">michael.wilson@company.com</email></reportingPerson></reporter><personOrUserReported><screenName>multi_platform_user</screenName><deviceId><idType>IMEI</idType><idValue>987654321098765</idValue><eventName>Login</eventName></deviceId><estimatedLocation verified="true"><city>New York</city><region>New York</region><countryCode>US</countryCode></estimatedLocation></personOrUserReported></report>"`;

exports[`buildReport > should build a report with multiple victims and recipients 1`] = `"<?xml version="1.0" encoding="UTF-8"?><report xmlns:xsi="http://www.w3.org/2001/XMLSchema-instance" xsi:noNamespaceSchemaLocation="https://report.cybertip.org/ispws/xsd"><incidentSummary><incidentType>Child Sex Trafficking</incidentType><escalateToHighPriority>Multiple victims identified</escalateToHighPriority><reportAnnotations/><incidentDateTime>2024-01-17T10:00:00.000Z</incidentDateTime></incidentSummary><reporter><reportingPerson><firstName>Emily</firstName><lastName>Davis</lastName><email verified="true">emily.davis@org.com</email></reportingPerson></reporter><intendedRecipient><espIdentifier>USER456</espIdentifier><screenName>user1</screenName></intendedRecipient><intendedRecipient><espIdentifier>USER789</espIdentifier><screenName>user2</screenName></intendedRecipient><victim><victimPerson><firstName>Victim</firstName><lastName>One</lastName><age>14</age></victimPerson><schoolName>Middle School A</schoolName></victim><victim><victimPerson><firstName>Victim</firstName><lastName>Two</lastName><age>15</age></victimPerson><schoolName>Middle School B</schoolName></victim></report>"`;

exports[`buildReport > should build a report with only required fields 1`] = `"<?xml version="1.0" encoding="UTF-8"?><report xmlns:xsi="http://www.w3.org/2001/XMLSchema-instance" xsi:noNamespaceSchemaLocation="https://report.cybertip.org/ispws/xsd"><incidentSummary><incidentType>Online Enticement of Children for Sexual Act</incidentType><reportAnnotations/><incidentDateTime>2024-01-16T09:15:00.000Z</incidentDateTime></incidentSummary><reporter><reportingPerson><firstName>John</firstName><lastName>Smith</lastName><email verified="true">john.smith@company.com</email></reportingPerson></reporter></report>"`;
